// Vitest Snapshot v1, https://vitest.dev/guide/snapshot.html

exports[`Base64Encoder > matches snapshot 1`] = `
"<div data-v-db7b857b="" class="base64-encoder">
  <div data-v-db7b857b="" class="base64-encoder__toolbar">
    <div data-v-db7b857b="" class="base64-encoder__toolbar-group"><button data-v-db7b857b="" disabled="" class="btn btn-primary"> 编码 </button><button data-v-db7b857b="" disabled="" class="btn btn-secondary"> 解码 </button><button data-v-db7b857b="" disabled="" class="btn btn-ghost"> 清空 </button></div>
  </div>
  <!--v-if-->
  <div data-v-db7b857b="" class="base64-encoder__panes">
    <div data-v-db7b857b="" class="base64-encoder__pane">
      <div data-v-db7b857b="" class="base64-encoder__pane-header"><span data-v-db7b857b="">输入</span></div><textarea data-v-db7b857b="" class="base64-encoder__textarea" placeholder="粘贴或输入文本..." spellcheck="false"></textarea>
    </div>
    <div data-v-db7b857b="" class="base64-encoder__pane">
      <div data-v-db7b857b="" class="base64-encoder__pane-header"><span data-v-db7b857b="">输出</span>
        <!--v-if-->
      </div><textarea data-v-db7b857b="" class="base64-encoder__textarea" placeholder="结果..." spellcheck="false" readonly=""></textarea>
    </div>
  </div>
  <div data-v-db7b857b="" class="base64-encoder__actions"><button data-v-db7b857b="" disabled="" class="btn btn-secondary"><svg data-v-db7b857b="" width="14" height="14" viewBox="0 0 16 16" fill="currentColor">
        <path data-v-db7b857b="" d="M4 1.5H3a2 2 0 0 0-2 2V14a2 2 0 0 0 2 2h10a2 2 0 0 0 2-2V3.5a2 2 0 0 0-2-2h-1v1h1a1 1 0 0 1 1 1V14a1 1 0 0 1-1 1H3a1 1 0 0 1-1-1V3.5a1 1 0 0 1 1-1h1v-1z"></path>
        <path data-v-db7b857b="" d="M9.5 1a.5.5 0 0 1 .5.5v1a.5.5 0 0 1-.5.5h-3a.5.5 0 0 1-.5-.5v-1a.5.5 0 0 1 .5-.5h3zm-3-1A1.5 1.5 0 0 0 5 1.5v1A1.5 1.5 0 0 0 6.5 4h3A1.5 1.5 0 0 0 11 2.5v-1A1.5 1.5 0 0 0 9.5 0h-3z"></path>
      </svg> 复制输出 </button><button data-v-db7b857b="" disabled="" class="btn btn-secondary"><svg data-v-db7b857b="" width="14" height="14" viewBox="0 0 16 16" fill="currentColor">
        <path data-v-db7b857b="" d="M.5 9.9a.5.5 0 0 1 .5.5v2.5a1 1 0 0 0 1 1h12a1 1 0 0 0 1-1v-2.5a.5.5 0 0 1 1 0v2.5a2 2 0 0 1-2 2H2a2 2 0 0 1-2-2v-2.5a.5.5 0 0 1 .5-.5z"></path>
        <path data-v-db7b857b="" d="M7.646 11.854a.5.5 0 0 0 .708 0l3-3a.5.5 0 0 0-.708-.708L8.5 10.293V1.5a.5.5 0 0 0-1 0v8.793L5.354 8.146a.5.5 0 1 0-.708.708l3 3z"></path>
      </svg> 下载文件 </button></div>
</div>"
`;
