// Vitest Snapshot v1, https://vitest.dev/guide/snapshot.html

exports[`App > matches snapshot 1`] = `
"<div class="page">
  <div class="shell">
    <header class="topbar" aria-label="工具切换与主题设置">
      <div class="brand-chip">Web Tools</div>
      <nav class="tool-nav" role="tablist"><button class="tool-btn" type="button" role="tab" aria-selected="true" title="格式化 / 压缩并校验 JSON">JSON 格式化</button><button class="tool-btn" type="button" role="tab" aria-selected="false" title="UTF-8 安全的编码与解码">Base64 编解码</button><button class="tool-btn" type="button" role="tab" aria-selected="false" title="Convert between Unix timestamp and formatted date/time">Timestamp</button><button class="tool-btn" type="button" role="tab" aria-selected="false" title="生成十六进制与 Base64 摘要">SHA-256 工具</button></nav>
    </header>
    <section class="workspace">
      <div class="surface">
        <div class="surface__content">
          <div class="suspense-stub">
            <!---->
            <div class="loading">正在唤醒工具...</div>
          </div>
        </div>
      </div>
    </section>
    <footer class="statusbar"><span class="statusbar__tool">JSON 格式化</span><span class="statusbar__status">就绪</span></footer>
  </div>
</div>"
`;
